{
  "headers": {
    "content-type": "application/json",
    "accept": "application/json",
    "host": "localhost:8888",
    "authorization": "Basic khdslfkhjasdiuhlasdj",
    "content-length": "228",
    "connection": "keep-alive"
  },
  "url": "/issue/",
  "body": {
    "fields": {
      "project": {"id": "4321"},
      "summary": "Deploying projectname grunt-story_1234 to production",
      "issuetype": {"id": 20},
      "customfield_11502": "2014-05-09T11:44:20",
      "customfield_11505": "Commit log:\n\n{\n    \"example\": \"manifest\"\n}"
    }
  }
}
